// Jest Snapshot v1, https://goo.gl/fbAQLP

exports[`Storyshots App default 1`] = `
<div>
  Test
</div>
`;
